pop 0: invalid
pop 1: pop://usern%40me:password@hostname
pop 2: pop://usern%40me:password@hostname
pop 3: pop://usern%40me:password@hostname:555
pop 4: pop://usern%40me:password@[::1]
pop 5: pop://usern%40me:password@[::1]
pop 6: pop://usern%40me:password@[::1]:555
pop 7: pop://usern%40me:password;AUTH=MECH@hostname
pop 8: pop://usern%40me:password;AUTH=MECH@hostname
pop 9: pop://usern%40me:password;AUTH=MECH@hostname:555
pop 10: pop://usern%40me:password;AUTH=MECH@[::1]
pop 11: pop://usern%40me:password;AUTH=MECH@[::1]
pop 12: pop://usern%40me:password;AUTH=MECH@[::1]:555
pop 13: invalid
pop 14: pops://usern%40me:password@hostname
pop 15: pops://usern%40me:password@hostname
pop 16: pops://usern%40me:password@hostname:555
pop 17: pops://usern%40me:password@[::1]
pop 18: pops://usern%40me:password@[::1]
pop 19: pops://usern%40me:password@[::1]:555
pop 20: pops://usern%40me:password;AUTH=MECH@hostname
pop 21: pops://usern%40me:password;AUTH=MECH@hostname
pop 22: pops://usern%40me:password;AUTH=MECH@hostname:555
pop 23: pops://usern%40me:password;AUTH=MECH@[::1]
pop 24: pops://usern%40me:password;AUTH=MECH@[::1]
pop 25: pops://usern%40me:password;AUTH=MECH@[::1]:555
imap 0: invalid
imap 1: imap://usern%40me:password@hostname
imap 2: imap://usern%40me:password@hostname/mailbox
imap 3: imap://usern%40me:password@hostname
imap 4: imap://usern%40me:password@hostname/mailbox
imap 5: imap://usern%40me:password@hostname:555
imap 6: imap://usern%40me:password@hostname:555/mailbox
imap 7: imap://usern%40me:password@[::1]
imap 8: imap://usern%40me:password@[::1]/mailbox
imap 9: imap://usern%40me:password@[::1]
imap 10: imap://usern%40me:password@[::1]/mailbox
imap 11: imap://usern%40me:password@[::1]:555
imap 12: imap://usern%40me:password@[::1]:555/mailbox
imap 13: imap://usern%40me:password;AUTH=MECH@hostname
imap 14: imap://usern%40me:password;AUTH=MECH@hostname/mailbox
imap 15: imap://usern%40me:password;AUTH=MECH@hostname
imap 16: imap://usern%40me:password;AUTH=MECH@hostname/mailbox
imap 17: imap://usern%40me:password;AUTH=MECH@hostname:555
imap 18: imap://usern%40me:password;AUTH=MECH@hostname:555/mailbox
imap 19: imap://usern%40me:password;AUTH=MECH@[::1]
imap 20: imap://usern%40me:password;AUTH=MECH@[::1]/mailbox
imap 21: imap://usern%40me:password;AUTH=MECH@[::1]
imap 22: imap://usern%40me:password;AUTH=MECH@[::1]/mailbox
imap 23: imap://usern%40me:password;AUTH=MECH@[::1]:555
imap 24: imap://usern%40me:password;AUTH=MECH@[::1]:555/mailbox
imap 25: invalid
imap 26: imaps://usern%40me:password@hostname
imap 27: imaps://usern%40me:password@hostname/mailbox
imap 28: imaps://usern%40me:password@hostname
imap 29: imaps://usern%40me:password@hostname/mailbox
imap 30: imaps://usern%40me:password@hostname:555
imap 31: imaps://usern%40me:password@hostname:555/mailbox
imap 32: imaps://usern%40me:password@[::1]
imap 33: imaps://usern%40me:password@[::1]/mailbox
imap 34: imaps://usern%40me:password@[::1]
imap 35: imaps://usern%40me:password@[::1]/mailbox
imap 36: imaps://usern%40me:password@[::1]:555
imap 37: imaps://usern%40me:password@[::1]:555/mailbox
imap 38: imaps://usern%40me:password;AUTH=MECH@hostname
imap 39: imaps://usern%40me:password;AUTH=MECH@hostname/mailbox
imap 40: imaps://usern%40me:password;AUTH=MECH@hostname
imap 41: imaps://usern%40me:password;AUTH=MECH@hostname/mailbox
imap 42: imaps://usern%40me:password;AUTH=MECH@hostname:555
imap 43: imaps://usern%40me:password;AUTH=MECH@hostname:555/mailbox
imap 44: imaps://usern%40me:password;AUTH=MECH@[::1]
imap 45: imaps://usern%40me:password;AUTH=MECH@[::1]/mailbox
imap 46: imaps://usern%40me:password;AUTH=MECH@[::1]
imap 47: imaps://usern%40me:password;AUTH=MECH@[::1]/mailbox
imap 48: imaps://usern%40me:password;AUTH=MECH@[::1]:555
imap 49: imaps://usern%40me:password;AUTH=MECH@[::1]:555/mailbox
gmail 0: invalid
gmail 1: gmail://usern%40me:password
