pop 0: invalid
pop 1: pop://username:password@hostname
pop 2: pop://username:password@hostname
pop 3: pop://username:password@hostname:555
pop 4: pop://username:password@[::1]
pop 5: pop://username:password@[::1]
pop 6: pop://username:password@[::1]:555
pop 7: pop://username:password;auth=MECH@hostname
pop 8: pop://username:password;auth=MECH@hostname
pop 9: pop://username:password;auth=MECH@hostname:555
pop 10: pop://username:password;auth=MECH@[::1]
pop 11: pop://username:password;auth=MECH@[::1]
pop 12: pop://username:password;auth=MECH@[::1]:555
pop 13: invalid
pop 14: pops://username:password@hostname
pop 15: pops://username:password@hostname
pop 16: pops://username:password@hostname:555
pop 17: pops://username:password@[::1]
pop 18: pops://username:password@[::1]
pop 19: pops://username:password@[::1]:555
pop 20: pops://username:password;auth=MECH@hostname
pop 21: pops://username:password;auth=MECH@hostname
pop 22: pops://username:password;auth=MECH@hostname:555
pop 23: pops://username:password;auth=MECH@[::1]
pop 24: pops://username:password;auth=MECH@[::1]
pop 25: pops://username:password;auth=MECH@[::1]:555
imap 0: invalid
imap 1: imap://username:password@hostname
imap 2: imap://username:password@hostname/mailbox
imap 3: imap://username:password@hostname
imap 4: imap://username:password@hostname/mailbox
imap 5: imap://username:password@hostname:555
imap 6: imap://username:password@hostname:555/mailbox
imap 7: imap://username:password@[::1]
imap 8: imap://username:password@[::1]/mailbox
imap 9: imap://username:password@[::1]
imap 10: imap://username:password@[::1]/mailbox
imap 11: imap://username:password@[::1]:555
imap 12: imap://username:password@[::1]:555/mailbox
imap 13: imap://username:password;auth=MECH@hostname
imap 14: imap://username:password;auth=MECH@hostname/mailbox
imap 15: imap://username:password;auth=MECH@hostname
imap 16: imap://username:password;auth=MECH@hostname/mailbox
imap 17: imap://username:password;auth=MECH@hostname:555
imap 18: imap://username:password;auth=MECH@hostname:555/mailbox
imap 19: imap://username:password;auth=MECH@[::1]
imap 20: imap://username:password;auth=MECH@[::1]/mailbox
imap 21: imap://username:password;auth=MECH@[::1]
imap 22: imap://username:password;auth=MECH@[::1]/mailbox
imap 23: imap://username:password;auth=MECH@[::1]:555
imap 24: imap://username:password;auth=MECH@[::1]:555/mailbox
imap 25: invalid
imap 26: imaps://username:password@hostname
imap 27: imaps://username:password@hostname/mailbox
imap 28: imaps://username:password@hostname
imap 29: imaps://username:password@hostname/mailbox
imap 30: imaps://username:password@hostname:555
imap 31: imaps://username:password@hostname:555/mailbox
imap 32: imaps://username:password@[::1]
imap 33: imaps://username:password@[::1]/mailbox
imap 34: imaps://username:password@[::1]
imap 35: imaps://username:password@[::1]/mailbox
imap 36: imaps://username:password@[::1]:555
imap 37: imaps://username:password@[::1]:555/mailbox
imap 38: imaps://username:password;auth=MECH@hostname
imap 39: imaps://username:password;auth=MECH@hostname/mailbox
imap 40: imaps://username:password;auth=MECH@hostname
imap 41: imaps://username:password;auth=MECH@hostname/mailbox
imap 42: imaps://username:password;auth=MECH@hostname:555
imap 43: imaps://username:password;auth=MECH@hostname:555/mailbox
imap 44: imaps://username:password;auth=MECH@[::1]
imap 45: imaps://username:password;auth=MECH@[::1]/mailbox
imap 46: imaps://username:password;auth=MECH@[::1]
imap 47: imaps://username:password;auth=MECH@[::1]/mailbox
imap 48: imaps://username:password;auth=MECH@[::1]:555
imap 49: imaps://username:password;auth=MECH@[::1]:555/mailbox
gmail 0: invalid
gmail 1: gmail://username:password
